
[1m[13:39:51][0m 推前镜像完整性复验
  ✓ 对象残留=0
  ✓ 分支数=14  commit 数=2423

[1m[13:39:54][0m 配置远端 origin = git@github.com:nzt47/security-tools.git

[1m[13:39:54][0m 强推准备就绪（目标: git@github.com:nzt47/security-tools.git，分支 14 个）
  ⚠️ 强制推送会覆盖远端全部历史，影响所有协作者与未合并 PR。Ctrl+C 可中止。

[1m[13:39:57][0m 强推所有分支
To github.com:nzt47/security-tools.git
 + 1ec5ce0a...ecd9a9cd master -> master (forced update)

[1m[13:40:08][0m 强推所有 tags
To github.com:nzt47/security-tools.git
 + 896b7ba4...0c3055e5 v1.0.0 -> v1.0.0 (forced update)
 + b0b1a433...54f49fb6 v1.0.0-preflight -> v1.0.0-preflight (forced update)
 + cd157395...24b48aa3 v1.0.1 -> v1.0.1 (forced update)
 + 68f4b769...0e1eb69b v1.1.0 -> v1.1.0 (forced update)
 + 2e11e143...27fc6df1 v1.1.1 -> v1.1.1 (forced update)
 + a95e2dce...68ace381 v1.1.10 -> v1.1.10 (forced update)
 + 85261df8...6ad7e711 v1.1.2 -> v1.1.2 (forced update)
 + fd7c06e4...8679549b v1.1.3 -> v1.1.3 (forced update)
 + 76545d77...4f3317f9 v1.1.4 -> v1.1.4 (forced update)
 + bdfd687f...1cbe8811 v1.1.5 -> v1.1.5 (forced update)
 + f958fd0b...85d8585c v1.1.6 -> v1.1.6 (forced update)
 + 8b78511d...e52783b0 v1.1.7 -> v1.1.7 (forced update)
 + 1dc2aaf0...b0d54913 v1.1.8 -> v1.1.8 (forced update)
 + c17ecce9...3eb6a8d4 v1.1.9 -> v1.1.9 (forced update)
 + d0572688...0dc399f2 v1.2.0 -> v1.2.0 (forced update)
 + d4ea2406...b79fb6b2 v1.2.1-fix-secure-manager-return -> v1.2.1-fix-secure-manager-return (forced update)
 + 4d1d2874...427f3157 v1.3.0 -> v1.3.0 (forced update)
 + 56b3402f...ca66d359 v1.4.0 -> v1.4.0 (forced update)
 + 1191173e...de76ec5c v1.5.0-bm25-normalization -> v1.5.0-bm25-normalization (forced update)
 + c108f015...958ef7a5 v2.0.0-dependency-fix -> v2.0.0-dependency-fix (forced update)
 + ab5928bb...97dac62d v2.0.0-feature-tools-router -> v2.0.0-feature-tools-router (forced update)

[1m[13:40:17][0m 推后校验：远端 hash 与镜像逐分支比对
  [PASS] develop  hash=1be6e7b130
  [PASS] docs/release-ops-log  hash=a6b25b59f3
  [PASS] docs/v100-release-summary  hash=5dfe828a2c
  [PASS] feat/ci-dashboard-push-retry  hash=c0724e3c22
  [PASS] fix/arch-circular-deps  hash=e2044fd5bd
  [PASS] fix/ci-embedding-offline  hash=03e3e4b293
  [PASS] fix/ci-observability-flaky  hash=82ca729fa6
  [PASS] fix/ci-skills-check-403  hash=338f66cbf8
  [PASS] fix/ci-validation-clean  hash=9dbf621925
  [PASS] fix/cleanup-script-missing  hash=755fef1787
  [PASS] fix/p0-p2-ci-regression  hash=0ad913e799
  [PASS] gh-pages  hash=1a2fa13cff
  [PASS] master  hash=ecd9a9cdad
  [PASS] staging  hash=99edafdc5e

[1m[13:41:35][0m 强推完成并校验通过
  ✓ git@github.com:nzt47/security-tools.git 全部 14 个分支 hash 与重写后镜像一致
  ── 后续必做 ──
  1. 执行《验收报告_强推后验证》逐项确认（PR 重建/账号轮换）
  2. 通知协作者: 重新 clone 或强制重置到新历史
  3. 本地旧仓库禁止再次 push（旧对象仍含凭据）
