键入 "TIMEOUT /?" 以了解用法。
